2025-10-24 19:28:48,098 - __main__ - INFO - Starting AirFormer training
2025-10-24 19:28:48,098 - config - INFO - Configuration:
2025-10-24 19:28:48,098 - config - INFO -   batch_size: 18
2025-10-24 19:28:48,098 - config - INFO -   output_dim: 1
2025-10-24 19:28:48,098 - config - INFO -   grad_accum_steps: 1
2025-10-24 19:28:48,098 - config - INFO -   hidden_dim: 32
2025-10-24 19:28:48,099 - config - INFO -   end_channels_mult: 8
2025-10-24 19:28:48,099 - config - INFO -   num_heads: 2
2025-10-24 19:28:48,099 - config - INFO -   blocks: 4
2025-10-24 19:28:48,099 - config - INFO -   dropout: 0.2
2025-10-24 19:28:48,099 - config - INFO -   learning_rate: 0.0003
2025-10-24 19:28:48,100 - config - INFO -   max_epochs: 300
2025-10-24 19:28:48,100 - config - INFO -   patience: 30
2025-10-24 19:28:48,100 - config - INFO -   use_amp: True
2025-10-24 19:28:48,100 - config - INFO -   pin_memory: True
2025-10-24 19:28:48,101 - config - INFO -   num_workers: 0
2025-10-24 19:28:48,101 - config - INFO -   seq_len: 24
2025-10-24 19:28:48,101 - config - INFO -   horizon: 24
2025-10-24 19:28:48,101 - config - INFO -   input_dim: 15
2025-10-24 19:28:48,101 - config - INFO -   use_spatial: True
2025-10-24 19:28:48,101 - config - INFO -   use_stochastic: True
2025-10-24 19:28:48,101 - config - INFO -   dartboard: 1
2025-10-24 19:28:48,102 - config - INFO -   local_windows: [3, 6, 12, 24]
2025-10-24 19:28:48,102 - config - INFO -   weight_decay: 5e-06
2025-10-24 19:28:48,102 - config - INFO -   grad_clip: 5.0
2025-10-24 19:28:48,102 - config - INFO -   scheduler_patience: 10
2025-10-24 19:28:48,102 - config - INFO -   scheduler_factor: 0.5
2025-10-24 19:28:48,102 - config - INFO -   scheduler_threshold: 0.0001
2025-10-24 19:28:48,102 - config - INFO -   data_path: ../DataPreparation/Processing/Dataset/INDIAN_AIR
2025-10-24 19:28:48,103 - config - INFO -   dartboard_path: ../DataPreparation/Processing/Dataset/INDIAN_AIR/local_partition/50-200-500
2025-10-24 19:28:48,103 - config - INFO -   log_dir: ./logs
2025-10-24 19:28:48,208 - __main__ - INFO - CUDA optimizations enabled
2025-10-24 19:28:48,208 - __main__ - INFO - Loading data...
2025-10-24 19:29:02,355 - __main__ - INFO - Actual stations from data: 228
2025-10-24 19:29:02,356 - __main__ - INFO - Sample input shape: torch.Size([18, 24, 228, 15])
2025-10-24 19:29:02,356 - __main__ - INFO - Creating model...
2025-10-24 19:29:02,442 - __main__ - INFO - Total parameters: 228,335
2025-10-24 19:29:02,442 - __main__ - INFO - Trainable parameters: 228,335
2025-10-24 19:29:02,442 - __main__ - INFO - Model size: ~0.87 MB (fp32)
2025-10-24 19:29:04,138 - trainer - INFO - Mixed precision training enabled
2025-10-24 19:29:04,138 - trainer - INFO - Gradient accumulation: 1 steps
2025-10-24 19:29:04,138 - trainer - INFO - Gradient clipping: 5.0
2025-10-24 19:29:04,138 - trainer - INFO - Weight decay: 5e-06
2025-10-24 19:29:04,138 - trainer - INFO - LR scheduler: ReduceLROnPlateau(patience=10, factor=0.5)
2025-10-24 19:29:04,139 - trainer - INFO - Training data: 452 batches × 18 batch_size = 8136 total sequences
2025-10-24 19:29:04,139 - trainer - INFO - Validation data: 63 batches × 18 batch_size = 1134 total sequences
2025-10-24 19:29:04,139 - trainer - INFO - Training...
2025-10-24 19:29:55,728 - __main__ - INFO - Starting AirFormer training
2025-10-24 19:29:55,729 - config - INFO - Configuration:
2025-10-24 19:29:55,729 - config - INFO -   batch_size: 16
2025-10-24 19:29:55,729 - config - INFO -   output_dim: 1
2025-10-24 19:29:55,729 - config - INFO -   grad_accum_steps: 1
2025-10-24 19:29:55,729 - config - INFO -   hidden_dim: 32
2025-10-24 19:29:55,729 - config - INFO -   end_channels_mult: 8
2025-10-24 19:29:55,730 - config - INFO -   num_heads: 2
2025-10-24 19:29:55,730 - config - INFO -   blocks: 4
2025-10-24 19:29:55,730 - config - INFO -   dropout: 0.2
2025-10-24 19:29:55,730 - config - INFO -   learning_rate: 0.0003
2025-10-24 19:29:55,730 - config - INFO -   max_epochs: 300
2025-10-24 19:29:55,730 - config - INFO -   patience: 30
2025-10-24 19:29:55,730 - config - INFO -   use_amp: True
2025-10-24 19:29:55,731 - config - INFO -   pin_memory: True
2025-10-24 19:29:55,731 - config - INFO -   num_workers: 0
2025-10-24 19:29:55,731 - config - INFO -   seq_len: 24
2025-10-24 19:29:55,731 - config - INFO -   horizon: 24
2025-10-24 19:29:55,731 - config - INFO -   input_dim: 15
2025-10-24 19:29:55,731 - config - INFO -   use_spatial: True
2025-10-24 19:29:55,731 - config - INFO -   use_stochastic: True
2025-10-24 19:29:55,731 - config - INFO -   dartboard: 1
2025-10-24 19:29:55,732 - config - INFO -   local_windows: [3, 6, 12, 24]
2025-10-24 19:29:55,732 - config - INFO -   weight_decay: 5e-06
2025-10-24 19:29:55,732 - config - INFO -   grad_clip: 5.0
2025-10-24 19:29:55,732 - config - INFO -   scheduler_patience: 10
2025-10-24 19:29:55,732 - config - INFO -   scheduler_factor: 0.5
2025-10-24 19:29:55,732 - config - INFO -   scheduler_threshold: 0.0001
2025-10-24 19:29:55,732 - config - INFO -   data_path: ../DataPreparation/Processing/Dataset/INDIAN_AIR
2025-10-24 19:29:55,732 - config - INFO -   dartboard_path: ../DataPreparation/Processing/Dataset/INDIAN_AIR/local_partition/50-200-500
2025-10-24 19:29:55,733 - config - INFO -   log_dir: ./logs
2025-10-24 19:29:55,830 - __main__ - INFO - CUDA optimizations enabled
2025-10-24 19:29:55,831 - __main__ - INFO - Loading data...
2025-10-24 19:30:09,111 - __main__ - INFO - Actual stations from data: 228
2025-10-24 19:30:09,112 - __main__ - INFO - Sample input shape: torch.Size([16, 24, 228, 15])
2025-10-24 19:30:09,112 - __main__ - INFO - Creating model...
2025-10-24 19:30:09,156 - __main__ - INFO - Total parameters: 228,335
2025-10-24 19:30:09,157 - __main__ - INFO - Trainable parameters: 228,335
2025-10-24 19:30:09,157 - __main__ - INFO - Model size: ~0.87 MB (fp32)
2025-10-24 19:30:10,576 - trainer - INFO - Mixed precision training enabled
2025-10-24 19:30:10,576 - trainer - INFO - Gradient accumulation: 1 steps
2025-10-24 19:30:10,577 - trainer - INFO - Gradient clipping: 5.0
2025-10-24 19:30:10,577 - trainer - INFO - Weight decay: 5e-06
2025-10-24 19:30:10,577 - trainer - INFO - LR scheduler: ReduceLROnPlateau(patience=10, factor=0.5)
2025-10-24 19:30:10,577 - trainer - INFO - Training data: 509 batches × 16 batch_size = 8144 total sequences
2025-10-24 19:30:10,577 - trainer - INFO - Validation data: 71 batches × 16 batch_size = 1136 total sequences
2025-10-24 19:30:10,577 - trainer - INFO - Training...
