2025-10-27 02:20:37,689 - __main__ - INFO - Starting AirFormer training
2025-10-27 02:20:37,689 - config - INFO - Configuration:
2025-10-27 02:20:37,689 - config - INFO -   batch_size: 16
2025-10-27 02:20:37,690 - config - INFO -   output_dim: 1
2025-10-27 02:20:37,690 - config - INFO -   grad_accum_steps: 1
2025-10-27 02:20:37,690 - config - INFO -   hidden_dim: 32
2025-10-27 02:20:37,690 - config - INFO -   end_channels_mult: 8
2025-10-27 02:20:37,690 - config - INFO -   num_heads: 2
2025-10-27 02:20:37,690 - config - INFO -   blocks: 4
2025-10-27 02:20:37,690 - config - INFO -   dropout: 0.2
2025-10-27 02:20:37,690 - config - INFO -   learning_rate: 0.0003
2025-10-27 02:20:37,690 - config - INFO -   max_epochs: 300
2025-10-27 02:20:37,691 - config - INFO -   patience: 30
2025-10-27 02:20:37,691 - config - INFO -   use_amp: True
2025-10-27 02:20:37,691 - config - INFO -   pin_memory: True
2025-10-27 02:20:37,691 - config - INFO -   num_workers: 0
2025-10-27 02:20:37,691 - config - INFO -   seq_len: 24
2025-10-27 02:20:37,691 - config - INFO -   horizon: 24
2025-10-27 02:20:37,691 - config - INFO -   input_dim: 15
2025-10-27 02:20:37,691 - config - INFO -   use_spatial: True
2025-10-27 02:20:37,691 - config - INFO -   use_stochastic: True
2025-10-27 02:20:37,691 - config - INFO -   dartboard: 1
2025-10-27 02:20:37,691 - config - INFO -   local_windows: [3, 6, 12, 24]
2025-10-27 02:20:37,692 - config - INFO -   weight_decay: 5e-06
2025-10-27 02:20:37,692 - config - INFO -   grad_clip: 5.0
2025-10-27 02:20:37,692 - config - INFO -   scheduler_patience: 10
2025-10-27 02:20:37,692 - config - INFO -   scheduler_factor: 0.5
2025-10-27 02:20:37,692 - config - INFO -   scheduler_threshold: 0.0001
2025-10-27 02:20:37,692 - config - INFO -   data_path: ../DataPreparation/Processing/Dataset/INDIAN_AIR
2025-10-27 02:20:37,692 - config - INFO -   dartboard_path: ../DataPreparation/Processing/Dataset/INDIAN_AIR/local_partition/50-200-500
2025-10-27 02:20:37,692 - config - INFO -   log_dir: ./logs
2025-10-27 02:20:38,945 - __main__ - INFO - CUDA optimizations enabled
2025-10-27 02:20:38,946 - __main__ - INFO - Loading data...
2025-10-27 02:20:53,526 - __main__ - INFO - Actual stations from data: 228
2025-10-27 02:20:53,526 - __main__ - INFO - Sample input shape: torch.Size([16, 24, 228, 15])
2025-10-27 02:20:53,526 - __main__ - INFO - Creating model...
2025-10-27 02:20:53,580 - __main__ - INFO - Total parameters: 228,335
2025-10-27 02:20:53,580 - __main__ - INFO - Trainable parameters: 228,335
2025-10-27 02:20:53,581 - __main__ - INFO - Model size: ~0.87 MB (fp32)
2025-10-27 02:20:55,206 - trainer - INFO - Mixed precision training enabled
2025-10-27 02:20:55,206 - trainer - INFO - Gradient accumulation: 1 steps
2025-10-27 02:20:55,206 - trainer - INFO - Gradient clipping: 5.0
2025-10-27 02:20:55,206 - trainer - INFO - Weight decay: 5e-06
2025-10-27 02:20:55,206 - trainer - INFO - LR scheduler: ReduceLROnPlateau(patience=10, factor=0.5)
2025-10-27 02:20:55,207 - trainer - INFO - Training data: 509 batches × 16 batch_size = 8144 total sequences
2025-10-27 02:20:55,207 - trainer - INFO - Validation data: 71 batches × 16 batch_size = 1136 total sequences
2025-10-27 02:20:55,207 - trainer - INFO - Training...
2025-10-27 02:25:15,791 - trainer - INFO - Epoch   1/300 | Train: 0.9378 | Val: 0.3273 | LR: 0.000300 | Time: 260.6s
2025-10-27 02:25:15,823 - trainer - INFO -   [SAVED] (val_loss: 0.3273)
2025-10-27 02:29:31,565 - trainer - INFO - Epoch   2/300 | Train: 0.7472 | Val: 0.3232 | LR: 0.000300 | Time: 255.7s
2025-10-27 02:29:31,588 - trainer - INFO -   [SAVED] (val_loss: 0.3232)
2025-10-27 02:33:47,170 - trainer - INFO - Epoch   3/300 | Train: 0.7235 | Val: 0.3162 | LR: 0.000300 | Time: 255.6s
2025-10-27 02:33:47,198 - trainer - INFO -   [SAVED] (val_loss: 0.3162)
2025-10-27 02:38:02,713 - trainer - INFO - Epoch   4/300 | Train: 0.7137 | Val: 0.3078 | LR: 0.000300 | Time: 255.5s
2025-10-27 02:38:02,740 - trainer - INFO -   [SAVED] (val_loss: 0.3078)
2025-10-27 02:42:18,284 - trainer - INFO - Epoch   5/300 | Train: 0.7046 | Val: 0.3069 | LR: 0.000300 | Time: 255.5s
2025-10-27 02:42:18,311 - trainer - INFO -   [SAVED] (val_loss: 0.3069)
2025-10-27 02:46:35,438 - trainer - INFO - Epoch   6/300 | Train: 0.6981 | Val: 0.3096 | LR: 0.000300 | Time: 257.1s
2025-10-27 02:50:51,190 - trainer - INFO - Epoch   7/300 | Train: 0.6932 | Val: 0.3089 | LR: 0.000300 | Time: 255.8s
2025-10-27 02:55:06,767 - trainer - INFO - Epoch   8/300 | Train: 0.6874 | Val: 0.2973 | LR: 0.000300 | Time: 255.6s
2025-10-27 02:55:06,796 - trainer - INFO -   [SAVED] (val_loss: 0.2973)
2025-10-27 02:59:25,494 - trainer - INFO - Epoch   9/300 | Train: 0.6830 | Val: 0.3001 | LR: 0.000300 | Time: 258.7s
2025-10-27 03:03:41,092 - trainer - INFO - Epoch  10/300 | Train: 0.6807 | Val: 0.2991 | LR: 0.000300 | Time: 255.6s
2025-10-27 03:07:56,666 - trainer - INFO - Epoch  11/300 | Train: 0.6777 | Val: 0.2947 | LR: 0.000300 | Time: 255.6s
2025-10-27 03:07:56,695 - trainer - INFO -   [SAVED] (val_loss: 0.2947)
2025-10-27 03:12:12,272 - trainer - INFO - Epoch  12/300 | Train: 0.6748 | Val: 0.2974 | LR: 0.000300 | Time: 255.6s
2025-10-27 03:16:27,896 - trainer - INFO - Epoch  13/300 | Train: 0.6722 | Val: 0.3021 | LR: 0.000300 | Time: 255.6s
2025-10-27 03:20:43,510 - trainer - INFO - Epoch  14/300 | Train: 0.6704 | Val: 0.2982 | LR: 0.000300 | Time: 255.6s
2025-10-27 03:24:59,122 - trainer - INFO - Epoch  15/300 | Train: 0.6681 | Val: 0.3017 | LR: 0.000300 | Time: 255.6s
2025-10-27 03:29:14,702 - trainer - INFO - Epoch  16/300 | Train: 0.6662 | Val: 0.3022 | LR: 0.000300 | Time: 255.6s
2025-10-27 03:33:30,272 - trainer - INFO - Epoch  17/300 | Train: 0.6641 | Val: 0.2930 | LR: 0.000300 | Time: 255.6s
2025-10-27 03:33:30,299 - trainer - INFO -   [SAVED] (val_loss: 0.2930)
2025-10-27 03:37:45,876 - trainer - INFO - Epoch  18/300 | Train: 0.6624 | Val: 0.3007 | LR: 0.000300 | Time: 255.6s
2025-10-27 03:42:01,442 - trainer - INFO - Epoch  19/300 | Train: 0.6607 | Val: 0.3086 | LR: 0.000300 | Time: 255.6s
2025-10-27 03:46:16,993 - trainer - INFO - Epoch  20/300 | Train: 0.6589 | Val: 0.3005 | LR: 0.000300 | Time: 255.6s
2025-10-27 03:50:32,543 - trainer - INFO - Epoch  21/300 | Train: 0.6577 | Val: 0.3031 | LR: 0.000300 | Time: 255.5s
2025-10-27 03:54:48,100 - trainer - INFO - Epoch  22/300 | Train: 0.6560 | Val: 0.2945 | LR: 0.000300 | Time: 255.6s
2025-10-27 03:59:03,642 - trainer - INFO - Epoch  23/300 | Train: 0.6544 | Val: 0.3037 | LR: 0.000300 | Time: 255.5s
2025-10-27 04:03:19,184 - trainer - INFO - Epoch  24/300 | Train: 0.6466 | Val: 0.3098 | LR: 0.000300 | Time: 255.5s
2025-10-27 04:07:34,762 - trainer - INFO - Epoch  25/300 | Train: 0.6358 | Val: 0.3005 | LR: 0.000300 | Time: 255.6s
2025-10-27 04:11:50,326 - trainer - INFO - Epoch  26/300 | Train: 0.6314 | Val: 0.3060 | LR: 0.000300 | Time: 255.6s
2025-10-27 04:16:05,938 - trainer - INFO - Epoch  27/300 | Train: 0.6280 | Val: 0.3036 | LR: 0.000300 | Time: 255.6s
2025-10-27 04:20:21,520 - trainer - INFO - Epoch  28/300 | Train: 0.6227 | Val: 0.3139 | LR: 0.000150 | Time: 255.6s
2025-10-27 04:24:37,091 - trainer - INFO - Epoch  29/300 | Train: 0.6180 | Val: 0.2976 | LR: 0.000150 | Time: 255.6s
2025-10-27 04:28:52,630 - trainer - INFO - Epoch  30/300 | Train: 0.6158 | Val: 0.3027 | LR: 0.000150 | Time: 255.5s
2025-10-27 04:33:08,240 - trainer - INFO - Epoch  31/300 | Train: 0.6141 | Val: 0.3049 | LR: 0.000150 | Time: 255.6s
2025-10-27 04:37:23,843 - trainer - INFO - Epoch  32/300 | Train: 0.6126 | Val: 0.2999 | LR: 0.000150 | Time: 255.6s
2025-10-27 04:41:39,412 - trainer - INFO - Epoch  33/300 | Train: 0.6114 | Val: 0.3047 | LR: 0.000150 | Time: 255.6s
2025-10-27 04:45:54,961 - trainer - INFO - Epoch  34/300 | Train: 0.6103 | Val: 0.3068 | LR: 0.000150 | Time: 255.5s
2025-10-27 04:50:10,520 - trainer - INFO - Epoch  35/300 | Train: 0.6082 | Val: 0.3076 | LR: 0.000150 | Time: 255.6s
2025-10-27 04:54:26,111 - trainer - INFO - Epoch  36/300 | Train: 0.6071 | Val: 0.3105 | LR: 0.000150 | Time: 255.6s
2025-10-27 04:58:41,685 - trainer - INFO - Epoch  37/300 | Train: 0.6056 | Val: 0.3020 | LR: 0.000150 | Time: 255.6s
2025-10-27 05:02:57,257 - trainer - INFO - Epoch  38/300 | Train: 0.6048 | Val: 0.3034 | LR: 0.000150 | Time: 255.6s
2025-10-27 05:07:12,870 - trainer - INFO - Epoch  39/300 | Train: 0.6035 | Val: 0.3104 | LR: 0.000075 | Time: 255.6s
2025-10-27 05:11:28,397 - trainer - INFO - Epoch  40/300 | Train: 0.6015 | Val: 0.3026 | LR: 0.000075 | Time: 255.5s
2025-10-27 05:15:43,926 - trainer - INFO - Epoch  41/300 | Train: 0.6006 | Val: 0.3085 | LR: 0.000075 | Time: 255.5s
2025-10-27 05:19:59,448 - trainer - INFO - Epoch  42/300 | Train: 0.6003 | Val: 0.3121 | LR: 0.000075 | Time: 255.5s
2025-10-27 05:24:15,008 - trainer - INFO - Epoch  43/300 | Train: 0.5995 | Val: 0.3094 | LR: 0.000075 | Time: 255.6s
2025-10-27 05:28:30,543 - trainer - INFO - Epoch  44/300 | Train: 0.5991 | Val: 0.3025 | LR: 0.000075 | Time: 255.5s
2025-10-27 05:32:46,082 - trainer - INFO - Epoch  45/300 | Train: 0.5984 | Val: 0.3107 | LR: 0.000075 | Time: 255.5s
2025-10-27 05:37:01,627 - trainer - INFO - Epoch  46/300 | Train: 0.5981 | Val: 0.3082 | LR: 0.000075 | Time: 255.5s
2025-10-27 05:41:17,157 - trainer - INFO - Epoch  47/300 | Train: 0.5972 | Val: 0.3031 | LR: 0.000075 | Time: 255.5s
2025-10-27 05:41:17,158 - trainer - INFO - Early stopping at epoch 47
2025-10-27 05:41:17,158 - trainer - INFO - Training complete
2025-10-27 05:41:17,158 - trainer - INFO - Testing Best Model
2025-10-27 05:41:37,720 - trainer - INFO - 
Overall Test Metrics:
2025-10-27 05:41:37,720 - trainer - INFO -   MAE:  17.6374 µg/m³
2025-10-27 05:41:37,721 - trainer - INFO -   RMSE: 35.0326 µg/m³
2025-10-27 05:41:37,721 - trainer - INFO - 
Time Window Analysis (3-hourly intervals):
2025-10-27 05:41:37,721 - trainer - INFO - Prediction horizon: 24 timesteps (72 hours)
2025-10-27 05:41:37,722 - trainer - INFO - Breaking down 24 timesteps into 3 windows of 8 timesteps each:
2025-10-27 05:41:37,771 - trainer - INFO -   1-24h    (steps  0- 7): MAE= 15.07, RMSE= 31.10 µg/m³
2025-10-27 05:41:37,819 - trainer - INFO -   25-48h   (steps  8-15): MAE= 18.26, RMSE= 35.93 µg/m³
2025-10-27 05:41:37,867 - trainer - INFO -   49-72h   (steps 16-23): MAE= 19.59, RMSE= 37.72 µg/m³
2025-10-27 05:41:38,012 - trainer - INFO - 
Severe Pollution Events (PM2.5 > 75):
2025-10-27 05:41:38,013 - trainer - INFO -   Frequency: 25.6% of data
2025-10-27 05:41:38,014 - trainer - INFO -   MAE:  38.0546 µg/m³
2025-10-27 05:41:38,014 - trainer - INFO -   RMSE: 62.1589 µg/m³
2025-10-27 05:41:38,014 - trainer - INFO - ======================================================================

2025-10-27 05:41:38,026 - __main__ - INFO - Done!
